
> last-minutes@0.1.0 typecheck /home/gwin/projects/lastminutes/last-minutes
> tsc --noEmit

src/app/api/user/storage/route.ts(3,10): error TS2305: Module '"@/lib/db"' has no exported member 'prisma'.
 ELIFECYCLE  Command failed with exit code 2.
